../Core/Src/main.c:85:5:main	32	static,ignoring_inline_asm
../Core/Src/main.c:142:6:SystemClock_Config	72	static
../Core/Src/main.c:182:13:MX_USART1_UART_Init	8	static
../Core/Src/main.c:215:13:MX_USART2_UART_Init	8	static
../Core/Src/main.c:248:13:MX_USART3_UART_Init	8	static
../Core/Src/main.c:281:13:MX_GPIO_Init	40	static
../Core/Src/main.c:310:6:receiver_handle	8	static
../Core/Src/main.c:324:6:HAL_UART_RxCpltCallback	16	static
../Core/Src/main.c:380:6:HAL_TIM_PeriodElapsedCallback	16	static
../Core/Src/main.c:397:6:Error_Handler	4	static,ignoring_inline_asm
